
> glowlink-tmp@0.1.0 build
> next build

??Next.js 16.1.6 (Turbopack)
- Environments: .env.local

  Creating an optimized production build ...
??Compiled successfully in 5.9s
  Running TypeScript ...
node.exe : Failed to co
mpile.
위치 줄:1 문자:1
+ & "C:\Program Files\n
odejs/node.exe" "C:\Pro
gram Files\nodejs/node_
mo ...
+ ~~~~~~~~~~~~~~~~~~~~~
~~~~~~~~~~~~~~~~~~~~~~~
~~~~~~~~~~~~~~~~~~~~~~~
~~
    + CategoryInfo     
         : NotSpecifi  
  ed: (Failed to com   
 pile.:String) [],     
RemoteException
    + FullyQualifiedEr 
   rorId : NativeComm  
  andError
 

./src/app/dashboard/sal
es/order/quotation-form
.tsx:37:9
Type error: Type 'Resol
ver<{ client_name: stri
ng; items: { product_na
me: string; quantity: n
umber; unit_price: numb
er; client_product_name
?: string | undefined; 
post_processings?: { ty
pe: "利앹갑" | "肄뷀똿" | "?몄
뇙" | "議곕┰" | "湲고?"; spe
c: string; }[] | undefi
ned; }[]; due_date?: Da
te | ... 1 more ... | u
ndefined; is_vat_includ
ed?: boolean | und...' 
is not assignable to ty
pe 'Resolver<{ client_n
ame: string; items: { p
roduct_name: string; qu
antity: number; unit_pr
ice: number; post_proce
ssings: { type: "利앹갑" |
 "肄뷀똿" | "?몄뇙" | "議곕┰" 
| "湲고?"; spec: string; 
}[]; client_product_nam
e?: string | undefined;
 }[]; is_vat_included: 
boolean; memo: string; 
due_date?: Date | ... 1
 more ... | undefined; 
}, a...'.
  Types of parameters '
options' and 'options' 
are incompatible.
    Type 'ResolverOptio
ns<{ client_name: strin
g; items: { product_nam
e: string; quantity: nu
mber; unit_price: numbe
r; post_processings: { 
type: "利앹갑" | "肄뷀똿" | "
?몄뇙" | "議곕┰" | "湲고?"; s
pec: string; }[]; clien
t_product_name?: string
 | undefined; }[]; is_v
at_included: boolean; m
emo: string; due_date?:
 Date | ... 1 more ... 
| undefine...' is not a
ssignable to type 'Reso
lverOptions<{ client_na
me: string; items: { pr
oduct_name: string; qua
ntity: number; unit_pri
ce: number; client_prod
uct_name?: string | und
efined; post_processing
s?: { type: "利앹갑" | "肄뷀
똿" | "?몄뇙" | "議곕┰" | "湲
고?"; spec: string; }[] 
| undefined; }[]; due_d
ate?: Date | ... 1 more
 ... | undefined; is_va
t_included?: boolea...'
.
      Type '{ product_n
ame: string; quantity: 
number; unit_price: num
ber; client_product_nam
e?: string | undefined;
 post_processings?: { t
ype: "利앹갑" | "肄뷀똿" | "?
몄뇙" | "議곕┰" | "湲고?"; sp
ec: string; }[] | undef
ined; }[]' is not assig
nable to type '{ produc
t_name: string; quantit
y: number; unit_price: 
number; post_processing
s: { type: "利앹갑" | "肄뷀똿
" | "?몄뇙" | "議곕┰" | "湲고
?"; spec: string; }[]; 
client_product_name?: s
tring | undefined; }[]'
.
        Type '{ product
_name: string; quantity
: number; unit_price: n
umber; client_product_n
ame?: string | undefine
d; post_processings?: {
 type: "利앹갑" | "肄뷀똿" | 
"?몄뇙" | "議곕┰" | "湲고?"; 
spec: string; }[] | und
efined; }' is not assig
nable to type '{ produc
t_name: string; quantit
y: number; unit_price: 
number; post_processing
s: { type: "利앹갑" | "肄뷀똿
" | "?몄뇙" | "議곕┰" | "湲고
?"; spec: string; }[]; 
client_product_name?: s
tring | undefined; }'.
          Types of prop
erty 'post_processings'
 are incompatible.
            Type '{ typ
e: "利앹갑" | "肄뷀똿" | "?몄뇙
" | "議곕┰" | "湲고?"; spec
: string; }[] | undefin
ed' is not assignable t
o type '{ type: "利앹갑" |
 "肄뷀똿" | "?몄뇙" | "議곕┰" 
| "湲고?"; spec: string; 
}[]'.
              Type 'und
efined' is not assignab
le to type '{ type: "利앹
갑" | "肄뷀똿" | "?몄뇙" | "議
곕┰" | "湲고?"; spec: stri
ng; }[]'.

[0m [90m 35 |[39m
 [90m 36 |[39m     [
36mconst[39m form [33
m=[39m useForm[33m<[
39m[33mQuotationFormVa
lues[39m[33m>[39m({
[31m[1m>[22m[39m[9
0m 37 |[39m         re
solver[33m:[39m zodRe
solver(quotationSchema)
[33m,[39m
 [90m    |[39m       
  [31m[1m^[22m[39m
 [90m 38 |[39m       
  defaultValues[33m:[
39m {
 [90m 39 |[39m       
      client_name[33m:
[39m [32m''[39m[33m
,[39m
 [90m 40 |[39m       
      is_vat_included[
33m:[39m [36mtrue[39
m[33m,[39m[0m
Next.js build worker ex
ited with code: 1 and s
ignal: null
