src/app/dashboard/sales/order/quotation-form.tsx(37,9): error TS2322: Type 'Resolver<{ client_name: string; items: { product_name: string; quantity: number; unit_price: number; client_product_name?: string | undefined; post_processings?: { type: "利앹갑" | "肄뷀똿" | "?몄뇙" | "議곕┰" | "湲고?"; spec: string; }[] | undefined; }[]; due_date?: Date | undefined; is_vat_included?: boolean | undefined; memo?: st...' is not assignable to type 'Resolver<{ client_name: string; items: { product_name: string; quantity: number; unit_price: number; post_processings: { type: "利앹갑" | "肄뷀똿" | "?몄뇙" | "議곕┰" | "湲고?"; spec: string; }[]; client_product_name?: string | undefined; }[]; is_vat_included: boolean; due_date?: Date | undefined; memo?: string | undefined; }, any, ...'.
  Types of parameters 'options' and 'options' are incompatible.
    Type 'ResolverOptions<{ client_name: string; items: { product_name: string; quantity: number; unit_price: number; post_processings: { type: "利앹갑" | "肄뷀똿" | "?몄뇙" | "議곕┰" | "湲고?"; spec: string; }[]; client_product_name?: string | undefined; }[]; is_vat_included: boolean; due_date?: Date | undefined; memo?: string | undefined; }>' is not assignable to type 'ResolverOptions<{ client_name: string; items: { product_name: string; quantity: number; unit_price: number; client_product_name?: string | undefined; post_processings?: { type: "利앹갑" | "肄뷀똿" | "?몄뇙" | "議곕┰" | "湲고?"; spec: string; }[] | undefined; }[]; due_date?: Date | undefined; is_vat_included?: boolean | undefined; me...'.
      Type '{ product_name: string; quantity: number; unit_price: number; client_product_name?: string | undefined; post_processings?: { type: "利앹갑" | "肄뷀똿" | "?몄뇙" | "議곕┰" | "湲고?"; spec: string; }[] | undefined; }[]' is not assignable to type '{ product_name: string; quantity: number; unit_price: number; post_processings: { type: "利앹갑" | "肄뷀똿" | "?몄뇙" | "議곕┰" | "湲고?"; spec: string; }[]; client_product_name?: string | undefined; }[]'.
        Type '{ product_name: string; quantity: number; unit_price: number; client_product_name?: string | undefined; post_processings?: { type: "利앹갑" | "肄뷀똿" | "?몄뇙" | "議곕┰" | "湲고?"; spec: string; }[] | undefined; }' is not assignable to type '{ product_name: string; quantity: number; unit_price: number; post_processings: { type: "利앹갑" | "肄뷀똿" | "?몄뇙" | "議곕┰" | "湲고?"; spec: string; }[]; client_product_name?: string | undefined; }'.
          Types of property 'post_processings' are incompatible.
            Type '{ type: "利앹갑" | "肄뷀똿" | "?몄뇙" | "議곕┰" | "湲고?"; spec: string; }[] | undefined' is not assignable to type '{ type: "利앹갑" | "肄뷀똿" | "?몄뇙" | "議곕┰" | "湲고?"; spec: string; }[]'.
              Type 'undefined' is not assignable to type '{ type: "利앹갑" | "肄뷀똿" | "?몄뇙" | "議곕┰" | "湲고?"; spec: string; }[]'.
src/app/dashboard/sales/order/quotation-form.tsx(76,47): error TS2345: Argument of type '(data: { client_name: string; items: { product_name: string; quantity: number; unit_price: number; post_processings: { type: "利앹갑" | "肄뷀똿" | "?몄뇙" | "議곕┰" | "湲고?"; spec: string; }[]; client_product_name?: string | undefined; }[]; is_vat_included: boolean; due_date?: Date | undefined; memo?: string | undefined; }) => Prom...' is not assignable to parameter of type 'SubmitHandler<TFieldValues>'.
  Types of parameters 'data' and 'data' are incompatible.
    Type 'TFieldValues' is not assignable to type '{ client_name: string; items: { product_name: string; quantity: number; unit_price: number; post_processings: { type: "利앹갑" | "肄뷀똿" | "?몄뇙" | "議곕┰" | "湲고?"; spec: string; }[]; client_product_name?: string | undefined; }[]; is_vat_included: boolean; due_date?: Date | undefined; memo?: string | undefined; }'.
      Type 'FieldValues' is missing the following properties from type '{ client_name: string; items: { product_name: string; quantity: number; unit_price: number; post_processings: { type: "利앹갑" | "肄뷀똿" | "?몄뇙" | "議곕┰" | "湲고?"; spec: string; }[]; client_product_name?: string | undefined; }[]; is_vat_included: boolean; due_date?: Date | undefined; memo?: string | undefined; }': client_name, items, is_vat_included
src/app/dashboard/sales/order/quotation-form.tsx(84,25): error TS2322: Type 'Control<{ client_name: string; items: { product_name: string; quantity: number; unit_price: number; post_processings: { type: "利앹갑" | "肄뷀똿" | "?몄뇙" | "議곕┰" | "湲고?"; spec: string; }[]; client_product_name?: string | undefined; }[]; is_vat_included: boolean; due_date?: Date | undefined; memo?: string | undefined; }, any, T...' is not assignable to type 'Control<{ client_name: string; items: { product_name: string; quantity: number; unit_price: number; post_processings: { type: "利앹갑" | "肄뷀똿" | "?몄뇙" | "議곕┰" | "湲고?"; spec: string; }[]; client_product_name?: string | undefined; }[]; is_vat_included: boolean; due_date?: Date | undefined; memo?: string | undefined; }, any, {...'.
  The types of '_options.resolver' are incompatible between these types.
    Type 'import("C:/GlowLink/node_modules/react-hook-form/dist/types/resolvers").Resolver<{ client_name: string; items: { product_name: string; quantity: number; unit_price: number; post_processings: { type: "利앹갑" | "肄뷀똿" | "?몄뇙" | "議곕┰" | "湲고?"; spec: string; }[]; client_product_name?: string | undefined; }[]; is_vat_included: b...' is not assignable to type 'import("C:/GlowLink/node_modules/react-hook-form/dist/types/resolvers").Resolver<{ client_name: string; items: { product_name: string; quantity: number; unit_price: number; post_processings: { type: "利앹갑" | "肄뷀똿" | "?몄뇙" | "議곕┰" | "湲고?"; spec: string; }[]; client_product_name?: string | undefined; }[]; is_vat_included: b...'. Two different types with this name exist, but they are unrelated.
      Type 'import("C:/GlowLink/node_modules/react-hook-form/dist/types/resolvers").Resolver<{ client_name: string; items: { product_name: string; quantity: number; unit_price: number; post_processings: { type: "利앹갑" | "肄뷀똿" | "?몄뇙" | "議곕┰" | "湲고?"; spec: string; }[]; client_product_name?: string | undefined; }[]; is_vat_included: b...' is not assignable to type 'import("C:/GlowLink/node_modules/react-hook-form/dist/types/resolvers").Resolver<{ client_name: string; items: { product_name: string; quantity: number; unit_price: number; post_processings: { type: "利앹갑" | "肄뷀똿" | "?몄뇙" | "議곕┰" | "湲고?"; spec: string; }[]; client_product_name?: string | undefined; }[]; is_vat_included: b...'. Two different types with this name exist, but they are unrelated.
        Type 'import("C:/GlowLink/node_modules/react-hook-form/dist/types/resolvers").ResolverResult<{ client_name: string; items: { product_name: string; quantity: number; unit_price: number; post_processings: { type: "利앹갑" | "肄뷀똿" | "?몄뇙" | "議곕┰" | "湲고?"; spec: string; }[]; client_product_name?: string | undefined; }[]; is_vat_inclu...' is not assignable to type 'import("C:/GlowLink/node_modules/react-hook-form/dist/types/resolvers").ResolverResult<{ client_name: string; items: { product_name: string; quantity: number; unit_price: number; post_processings: { type: "利앹갑" | "肄뷀똿" | "?몄뇙" | "議곕┰" | "湲고?"; spec: string; }[]; client_product_name?: string | undefined; }[]; is_vat_inclu...'. Two different types with this name exist, but they are unrelated.
          Type 'ResolverSuccess<TFieldValues>' is not assignable to type 'ResolverResult<{ client_name: string; items: { product_name: string; quantity: number; unit_price: number; post_processings: { type: "利앹갑" | "肄뷀똿" | "?몄뇙" | "議곕┰" | "湲고?"; spec: string; }[]; client_product_name?: string | undefined; }[]; is_vat_included: boolean; due_date?: Date | undefined; memo?: string | undefined; },...'.
            Type 'ResolverSuccess<TFieldValues>' is not assignable to type 'ResolverSuccess<{ client_name: string; items: { product_name: string; quantity: number; unit_price: number; post_processings: { type: "利앹갑" | "肄뷀똿" | "?몄뇙" | "議곕┰" | "湲고?"; spec: string; }[]; client_product_name?: string | undefined; }[]; is_vat_included: boolean; due_date?: Date | undefined; memo?: string | undefined; }>'.
              Type 'TFieldValues' is not assignable to type '{ client_name: string; items: { product_name: string; quantity: number; unit_price: number; post_processings: { type: "利앹갑" | "肄뷀똿" | "?몄뇙" | "議곕┰" | "湲고?"; spec: string; }[]; client_product_name?: string | undefined; }[]; is_vat_included: boolean; due_date?: Date | undefined; memo?: string | undefined; }'.
                Type 'FieldValues' is missing the following properties from type '{ client_name: string; items: { product_name: string; quantity: number; unit_price: number; post_processings: { type: "利앹갑" | "肄뷀똿" | "?몄뇙" | "議곕┰" | "湲고?"; spec: string; }[]; client_product_name?: string | undefined; }[]; is_vat_included: boolean; due_date?: Date | undefined; memo?: string | undefined; }': client_name, items, is_vat_included
src/app/dashboard/sales/order/quotation-form.tsx(113,33): error TS2322: Type 'Control<{ client_name: string; items: { product_name: string; quantity: number; unit_price: number; post_processings: { type: "利앹갑" | "肄뷀똿" | "?몄뇙" | "議곕┰" | "湲고?"; spec: string; }[]; client_product_name?: string | undefined; }[]; is_vat_included: boolean; due_date?: Date | undefined; memo?: string | undefined; }, any, T...' is not assignable to type 'Control<{ client_name: string; items: { product_name: string; quantity: number; unit_price: number; post_processings: { type: "利앹갑" | "肄뷀똿" | "?몄뇙" | "議곕┰" | "湲고?"; spec: string; }[]; client_product_name?: string | undefined; }[]; is_vat_included: boolean; due_date?: Date | undefined; memo?: string | undefined; }, any, {...'.
  The types of '_options.resolver' are incompatible between these types.
    Type 'import("C:/GlowLink/node_modules/react-hook-form/dist/types/resolvers").Resolver<{ client_name: string; items: { product_name: string; quantity: number; unit_price: number; post_processings: { type: "利앹갑" | "肄뷀똿" | "?몄뇙" | "議곕┰" | "湲고?"; spec: string; }[]; client_product_name?: string | undefined; }[]; is_vat_included: b...' is not assignable to type 'import("C:/GlowLink/node_modules/react-hook-form/dist/types/resolvers").Resolver<{ client_name: string; items: { product_name: string; quantity: number; unit_price: number; post_processings: { type: "利앹갑" | "肄뷀똿" | "?몄뇙" | "議곕┰" | "湲고?"; spec: string; }[]; client_product_name?: string | undefined; }[]; is_vat_included: b...'. Two different types with this name exist, but they are unrelated.
      Type 'import("C:/GlowLink/node_modules/react-hook-form/dist/types/resolvers").Resolver<{ client_name: string; items: { product_name: string; quantity: number; unit_price: number; post_processings: { type: "利앹갑" | "肄뷀똿" | "?몄뇙" | "議곕┰" | "湲고?"; spec: string; }[]; client_product_name?: string | undefined; }[]; is_vat_included: b...' is not assignable to type 'import("C:/GlowLink/node_modules/react-hook-form/dist/types/resolvers").Resolver<{ client_name: string; items: { product_name: string; quantity: number; unit_price: number; post_processings: { type: "利앹갑" | "肄뷀똿" | "?몄뇙" | "議곕┰" | "湲고?"; spec: string; }[]; client_product_name?: string | undefined; }[]; is_vat_included: b...'. Two different types with this name exist, but they are unrelated.
        Type 'import("C:/GlowLink/node_modules/react-hook-form/dist/types/resolvers").ResolverResult<{ client_name: string; items: { product_name: string; quantity: number; unit_price: number; post_processings: { type: "利앹갑" | "肄뷀똿" | "?몄뇙" | "議곕┰" | "湲고?"; spec: string; }[]; client_product_name?: string | undefined; }[]; is_vat_inclu...' is not assignable to type 'import("C:/GlowLink/node_modules/react-hook-form/dist/types/resolvers").ResolverResult<{ client_name: string; items: { product_name: string; quantity: number; unit_price: number; post_processings: { type: "利앹갑" | "肄뷀똿" | "?몄뇙" | "議곕┰" | "湲고?"; spec: string; }[]; client_product_name?: string | undefined; }[]; is_vat_inclu...'. Two different types with this name exist, but they are unrelated.
          Type 'ResolverSuccess<TFieldValues>' is not assignable to type 'ResolverResult<{ client_name: string; items: { product_name: string; quantity: number; unit_price: number; post_processings: { type: "利앹갑" | "肄뷀똿" | "?몄뇙" | "議곕┰" | "湲고?"; spec: string; }[]; client_product_name?: string | undefined; }[]; is_vat_included: boolean; due_date?: Date | undefined; memo?: string | undefined; },...'.
            Type 'ResolverSuccess<TFieldValues>' is not assignable to type 'ResolverSuccess<{ client_name: string; items: { product_name: string; quantity: number; unit_price: number; post_processings: { type: "利앹갑" | "肄뷀똿" | "?몄뇙" | "議곕┰" | "湲고?"; spec: string; }[]; client_product_name?: string | undefined; }[]; is_vat_included: boolean; due_date?: Date | undefined; memo?: string | undefined; }>'.
              Type 'TFieldValues' is not assignable to type '{ client_name: string; items: { product_name: string; quantity: number; unit_price: number; post_processings: { type: "利앹갑" | "肄뷀똿" | "?몄뇙" | "議곕┰" | "湲고?"; spec: string; }[]; client_product_name?: string | undefined; }[]; is_vat_included: boolean; due_date?: Date | undefined; memo?: string | undefined; }'.
                Type 'FieldValues' is missing the following properties from type '{ client_name: string; items: { product_name: string; quantity: number; unit_price: number; post_processings: { type: "利앹갑" | "肄뷀똿" | "?몄뇙" | "議곕┰" | "湲고?"; spec: string; }[]; client_product_name?: string | undefined; }[]; is_vat_included: boolean; due_date?: Date | undefined; memo?: string | undefined; }': client_name, items, is_vat_included
src/app/dashboard/sales/order/quotation-form.tsx(140,29): error TS2322: Type '"glow"' is not assignable to type '"default" | "link" | "destructive" | "outline" | "secondary" | "ghost" | null | undefined'.
src/app/dashboard/sales/order/quotation-form.tsx(157,49): error TS2322: Type 'Control<{ client_name: string; items: { product_name: string; quantity: number; unit_price: number; post_processings: { type: "利앹갑" | "肄뷀똿" | "?몄뇙" | "議곕┰" | "湲고?"; spec: string; }[]; client_product_name?: string | undefined; }[]; is_vat_included: boolean; due_date?: Date | undefined; memo?: string | undefined; }, any, T...' is not assignable to type 'Control<{ client_name: string; items: { product_name: string; quantity: number; unit_price: number; post_processings: { type: "利앹갑" | "肄뷀똿" | "?몄뇙" | "議곕┰" | "湲고?"; spec: string; }[]; client_product_name?: string | undefined; }[]; is_vat_included: boolean; due_date?: Date | undefined; memo?: string | undefined; }, any, {...'.
  The types of '_options.resolver' are incompatible between these types.
    Type 'import("C:/GlowLink/node_modules/react-hook-form/dist/types/resolvers").Resolver<{ client_name: string; items: { product_name: string; quantity: number; unit_price: number; post_processings: { type: "利앹갑" | "肄뷀똿" | "?몄뇙" | "議곕┰" | "湲고?"; spec: string; }[]; client_product_name?: string | undefined; }[]; is_vat_included: b...' is not assignable to type 'import("C:/GlowLink/node_modules/react-hook-form/dist/types/resolvers").Resolver<{ client_name: string; items: { product_name: string; quantity: number; unit_price: number; post_processings: { type: "利앹갑" | "肄뷀똿" | "?몄뇙" | "議곕┰" | "湲고?"; spec: string; }[]; client_product_name?: string | undefined; }[]; is_vat_included: b...'. Two different types with this name exist, but they are unrelated.
      Type 'import("C:/GlowLink/node_modules/react-hook-form/dist/types/resolvers").Resolver<{ client_name: string; items: { product_name: string; quantity: number; unit_price: number; post_processings: { type: "利앹갑" | "肄뷀똿" | "?몄뇙" | "議곕┰" | "湲고?"; spec: string; }[]; client_product_name?: string | undefined; }[]; is_vat_included: b...' is not assignable to type 'import("C:/GlowLink/node_modules/react-hook-form/dist/types/resolvers").Resolver<{ client_name: string; items: { product_name: string; quantity: number; unit_price: number; post_processings: { type: "利앹갑" | "肄뷀똿" | "?몄뇙" | "議곕┰" | "湲고?"; spec: string; }[]; client_product_name?: string | undefined; }[]; is_vat_included: b...'. Two different types with this name exist, but they are unrelated.
        Type 'import("C:/GlowLink/node_modules/react-hook-form/dist/types/resolvers").ResolverResult<{ client_name: string; items: { product_name: string; quantity: number; unit_price: number; post_processings: { type: "利앹갑" | "肄뷀똿" | "?몄뇙" | "議곕┰" | "湲고?"; spec: string; }[]; client_product_name?: string | undefined; }[]; is_vat_inclu...' is not assignable to type 'import("C:/GlowLink/node_modules/react-hook-form/dist/types/resolvers").ResolverResult<{ client_name: string; items: { product_name: string; quantity: number; unit_price: number; post_processings: { type: "利앹갑" | "肄뷀똿" | "?몄뇙" | "議곕┰" | "湲고?"; spec: string; }[]; client_product_name?: string | undefined; }[]; is_vat_inclu...'. Two different types with this name exist, but they are unrelated.
          Type 'ResolverSuccess<TFieldValues>' is not assignable to type 'ResolverResult<{ client_name: string; items: { product_name: string; quantity: number; unit_price: number; post_processings: { type: "利앹갑" | "肄뷀똿" | "?몄뇙" | "議곕┰" | "湲고?"; spec: string; }[]; client_product_name?: string | undefined; }[]; is_vat_included: boolean; due_date?: Date | undefined; memo?: string | undefined; },...'.
            Type 'ResolverSuccess<TFieldValues>' is not assignable to type 'ResolverSuccess<{ client_name: string; items: { product_name: string; quantity: number; unit_price: number; post_processings: { type: "利앹갑" | "肄뷀똿" | "?몄뇙" | "議곕┰" | "湲고?"; spec: string; }[]; client_product_name?: string | undefined; }[]; is_vat_included: boolean; due_date?: Date | undefined; memo?: string | undefined; }>'.
              Type 'TFieldValues' is not assignable to type '{ client_name: string; items: { product_name: string; quantity: number; unit_price: number; post_processings: { type: "利앹갑" | "肄뷀똿" | "?몄뇙" | "議곕┰" | "湲고?"; spec: string; }[]; client_product_name?: string | undefined; }[]; is_vat_included: boolean; due_date?: Date | undefined; memo?: string | undefined; }'.
                Type 'FieldValues' is missing the following properties from type '{ client_name: string; items: { product_name: string; quantity: number; unit_price: number; post_processings: { type: "利앹갑" | "肄뷀똿" | "?몄뇙" | "議곕┰" | "湲고?"; spec: string; }[]; client_product_name?: string | undefined; }[]; is_vat_included: boolean; due_date?: Date | undefined; memo?: string | undefined; }': client_name, items, is_vat_included
src/app/dashboard/sales/order/quotation-form.tsx(200,65): error TS2322: Type 'Control<{ client_name: string; items: { product_name: string; quantity: number; unit_price: number; post_processings: { type: "利앹갑" | "肄뷀똿" | "?몄뇙" | "議곕┰" | "湲고?"; spec: string; }[]; client_product_name?: string | undefined; }[]; is_vat_included: boolean; due_date?: Date | undefined; memo?: string | undefined; }, any, T...' is not assignable to type 'Control<{ client_name: string; items: { product_name: string; quantity: number; unit_price: number; post_processings: { type: "利앹갑" | "肄뷀똿" | "?몄뇙" | "議곕┰" | "湲고?"; spec: string; }[]; client_product_name?: string | undefined; }[]; is_vat_included: boolean; due_date?: Date | undefined; memo?: string | undefined; }, any, {...'.
  The types of '_options.resolver' are incompatible between these types.
    Type 'import("C:/GlowLink/node_modules/react-hook-form/dist/types/resolvers").Resolver<{ client_name: string; items: { product_name: string; quantity: number; unit_price: number; post_processings: { type: "利앹갑" | "肄뷀똿" | "?몄뇙" | "議곕┰" | "湲고?"; spec: string; }[]; client_product_name?: string | undefined; }[]; is_vat_included: b...' is not assignable to type 'import("C:/GlowLink/node_modules/react-hook-form/dist/types/resolvers").Resolver<{ client_name: string; items: { product_name: string; quantity: number; unit_price: number; post_processings: { type: "利앹갑" | "肄뷀똿" | "?몄뇙" | "議곕┰" | "湲고?"; spec: string; }[]; client_product_name?: string | undefined; }[]; is_vat_included: b...'. Two different types with this name exist, but they are unrelated.
      Type 'import("C:/GlowLink/node_modules/react-hook-form/dist/types/resolvers").Resolver<{ client_name: string; items: { product_name: string; quantity: number; unit_price: number; post_processings: { type: "利앹갑" | "肄뷀똿" | "?몄뇙" | "議곕┰" | "湲고?"; spec: string; }[]; client_product_name?: string | undefined; }[]; is_vat_included: b...' is not assignable to type 'import("C:/GlowLink/node_modules/react-hook-form/dist/types/resolvers").Resolver<{ client_name: string; items: { product_name: string; quantity: number; unit_price: number; post_processings: { type: "利앹갑" | "肄뷀똿" | "?몄뇙" | "議곕┰" | "湲고?"; spec: string; }[]; client_product_name?: string | undefined; }[]; is_vat_included: b...'. Two different types with this name exist, but they are unrelated.
        Type 'import("C:/GlowLink/node_modules/react-hook-form/dist/types/resolvers").ResolverResult<{ client_name: string; items: { product_name: string; quantity: number; unit_price: number; post_processings: { type: "利앹갑" | "肄뷀똿" | "?몄뇙" | "議곕┰" | "湲고?"; spec: string; }[]; client_product_name?: string | undefined; }[]; is_vat_inclu...' is not assignable to type 'import("C:/GlowLink/node_modules/react-hook-form/dist/types/resolvers").ResolverResult<{ client_name: string; items: { product_name: string; quantity: number; unit_price: number; post_processings: { type: "利앹갑" | "肄뷀똿" | "?몄뇙" | "議곕┰" | "湲고?"; spec: string; }[]; client_product_name?: string | undefined; }[]; is_vat_inclu...'. Two different types with this name exist, but they are unrelated.
          Type 'ResolverSuccess<TFieldValues>' is not assignable to type 'ResolverResult<{ client_name: string; items: { product_name: string; quantity: number; unit_price: number; post_processings: { type: "利앹갑" | "肄뷀똿" | "?몄뇙" | "議곕┰" | "湲고?"; spec: string; }[]; client_product_name?: string | undefined; }[]; is_vat_included: boolean; due_date?: Date | undefined; memo?: string | undefined; },...'.
            Type 'ResolverSuccess<TFieldValues>' is not assignable to type 'ResolverSuccess<{ client_name: string; items: { product_name: string; quantity: number; unit_price: number; post_processings: { type: "利앹갑" | "肄뷀똿" | "?몄뇙" | "議곕┰" | "湲고?"; spec: string; }[]; client_product_name?: string | undefined; }[]; is_vat_included: boolean; due_date?: Date | undefined; memo?: string | undefined; }>'.
              Type 'TFieldValues' is not assignable to type '{ client_name: string; items: { product_name: string; quantity: number; unit_price: number; post_processings: { type: "利앹갑" | "肄뷀똿" | "?몄뇙" | "議곕┰" | "湲고?"; spec: string; }[]; client_product_name?: string | undefined; }[]; is_vat_included: boolean; due_date?: Date | undefined; memo?: string | undefined; }'.
                Type 'FieldValues' is missing the following properties from type '{ client_name: string; items: { product_name: string; quantity: number; unit_price: number; post_processings: { type: "利앹갑" | "肄뷀똿" | "?몄뇙" | "議곕┰" | "湲고?"; spec: string; }[]; client_product_name?: string | undefined; }[]; is_vat_included: boolean; due_date?: Date | undefined; memo?: string | undefined; }': client_name, items, is_vat_included
src/app/dashboard/sales/order/quotation-form.tsx(219,65): error TS2322: Type 'Control<{ client_name: string; items: { product_name: string; quantity: number; unit_price: number; post_processings: { type: "利앹갑" | "肄뷀똿" | "?몄뇙" | "議곕┰" | "湲고?"; spec: string; }[]; client_product_name?: string | undefined; }[]; is_vat_included: boolean; due_date?: Date | undefined; memo?: string | undefined; }, any, T...' is not assignable to type 'Control<{ client_name: string; items: { product_name: string; quantity: number; unit_price: number; post_processings: { type: "利앹갑" | "肄뷀똿" | "?몄뇙" | "議곕┰" | "湲고?"; spec: string; }[]; client_product_name?: string | undefined; }[]; is_vat_included: boolean; due_date?: Date | undefined; memo?: string | undefined; }, any, {...'.
  The types of '_options.resolver' are incompatible between these types.
    Type 'import("C:/GlowLink/node_modules/react-hook-form/dist/types/resolvers").Resolver<{ client_name: string; items: { product_name: string; quantity: number; unit_price: number; post_processings: { type: "利앹갑" | "肄뷀똿" | "?몄뇙" | "議곕┰" | "湲고?"; spec: string; }[]; client_product_name?: string | undefined; }[]; is_vat_included: b...' is not assignable to type 'import("C:/GlowLink/node_modules/react-hook-form/dist/types/resolvers").Resolver<{ client_name: string; items: { product_name: string; quantity: number; unit_price: number; post_processings: { type: "利앹갑" | "肄뷀똿" | "?몄뇙" | "議곕┰" | "湲고?"; spec: string; }[]; client_product_name?: string | undefined; }[]; is_vat_included: b...'. Two different types with this name exist, but they are unrelated.
      Type 'import("C:/GlowLink/node_modules/react-hook-form/dist/types/resolvers").Resolver<{ client_name: string; items: { product_name: string; quantity: number; unit_price: number; post_processings: { type: "利앹갑" | "肄뷀똿" | "?몄뇙" | "議곕┰" | "湲고?"; spec: string; }[]; client_product_name?: string | undefined; }[]; is_vat_included: b...' is not assignable to type 'import("C:/GlowLink/node_modules/react-hook-form/dist/types/resolvers").Resolver<{ client_name: string; items: { product_name: string; quantity: number; unit_price: number; post_processings: { type: "利앹갑" | "肄뷀똿" | "?몄뇙" | "議곕┰" | "湲고?"; spec: string; }[]; client_product_name?: string | undefined; }[]; is_vat_included: b...'. Two different types with this name exist, but they are unrelated.
        Type 'import("C:/GlowLink/node_modules/react-hook-form/dist/types/resolvers").ResolverResult<{ client_name: string; items: { product_name: string; quantity: number; unit_price: number; post_processings: { type: "利앹갑" | "肄뷀똿" | "?몄뇙" | "議곕┰" | "湲고?"; spec: string; }[]; client_product_name?: string | undefined; }[]; is_vat_inclu...' is not assignable to type 'import("C:/GlowLink/node_modules/react-hook-form/dist/types/resolvers").ResolverResult<{ client_name: string; items: { product_name: string; quantity: number; unit_price: number; post_processings: { type: "利앹갑" | "肄뷀똿" | "?몄뇙" | "議곕┰" | "湲고?"; spec: string; }[]; client_product_name?: string | undefined; }[]; is_vat_inclu...'. Two different types with this name exist, but they are unrelated.
          Type 'ResolverSuccess<TFieldValues>' is not assignable to type 'ResolverResult<{ client_name: string; items: { product_name: string; quantity: number; unit_price: number; post_processings: { type: "利앹갑" | "肄뷀똿" | "?몄뇙" | "議곕┰" | "湲고?"; spec: string; }[]; client_product_name?: string | undefined; }[]; is_vat_included: boolean; due_date?: Date | undefined; memo?: string | undefined; },...'.
            Type 'ResolverSuccess<TFieldValues>' is not assignable to type 'ResolverSuccess<{ client_name: string; items: { product_name: string; quantity: number; unit_price: number; post_processings: { type: "利앹갑" | "肄뷀똿" | "?몄뇙" | "議곕┰" | "湲고?"; spec: string; }[]; client_product_name?: string | undefined; }[]; is_vat_included: boolean; due_date?: Date | undefined; memo?: string | undefined; }>'.
              Type 'TFieldValues' is not assignable to type '{ client_name: string; items: { product_name: string; quantity: number; unit_price: number; post_processings: { type: "利앹갑" | "肄뷀똿" | "?몄뇙" | "議곕┰" | "湲고?"; spec: string; }[]; client_product_name?: string | undefined; }[]; is_vat_included: boolean; due_date?: Date | undefined; memo?: string | undefined; }'.
                Type 'FieldValues' is missing the following properties from type '{ client_name: string; items: { product_name: string; quantity: number; unit_price: number; post_processings: { type: "利앹갑" | "肄뷀똿" | "?몄뇙" | "議곕┰" | "湲고?"; spec: string; }[]; client_product_name?: string | undefined; }[]; is_vat_included: boolean; due_date?: Date | undefined; memo?: string | undefined; }': client_name, items, is_vat_included
src/app/dashboard/sales/order/quotation-form.tsx(252,49): error TS2322: Type 'Control<{ client_name: string; items: { product_name: string; quantity: number; unit_price: number; post_processings: { type: "利앹갑" | "肄뷀똿" | "?몄뇙" | "議곕┰" | "湲고?"; spec: string; }[]; client_product_name?: string | undefined; }[]; is_vat_included: boolean; due_date?: Date | undefined; memo?: string | undefined; }, any, T...' is not assignable to type 'Control<{ client_name: string; items: { product_name: string; quantity: number; unit_price: number; post_processings: { type: "利앹갑" | "肄뷀똿" | "?몄뇙" | "議곕┰" | "湲고?"; spec: string; }[]; client_product_name?: string | undefined; }[]; is_vat_included: boolean; due_date?: Date | undefined; memo?: string | undefined; }, any, {...'.
  The types of '_options.resolver' are incompatible between these types.
    Type 'import("C:/GlowLink/node_modules/react-hook-form/dist/types/resolvers").Resolver<{ client_name: string; items: { product_name: string; quantity: number; unit_price: number; post_processings: { type: "利앹갑" | "肄뷀똿" | "?몄뇙" | "議곕┰" | "湲고?"; spec: string; }[]; client_product_name?: string | undefined; }[]; is_vat_included: b...' is not assignable to type 'import("C:/GlowLink/node_modules/react-hook-form/dist/types/resolvers").Resolver<{ client_name: string; items: { product_name: string; quantity: number; unit_price: number; post_processings: { type: "利앹갑" | "肄뷀똿" | "?몄뇙" | "議곕┰" | "湲고?"; spec: string; }[]; client_product_name?: string | undefined; }[]; is_vat_included: b...'. Two different types with this name exist, but they are unrelated.
      Type 'import("C:/GlowLink/node_modules/react-hook-form/dist/types/resolvers").Resolver<{ client_name: string; items: { product_name: string; quantity: number; unit_price: number; post_processings: { type: "利앹갑" | "肄뷀똿" | "?몄뇙" | "議곕┰" | "湲고?"; spec: string; }[]; client_product_name?: string | undefined; }[]; is_vat_included: b...' is not assignable to type 'import("C:/GlowLink/node_modules/react-hook-form/dist/types/resolvers").Resolver<{ client_name: string; items: { product_name: string; quantity: number; unit_price: number; post_processings: { type: "利앹갑" | "肄뷀똿" | "?몄뇙" | "議곕┰" | "湲고?"; spec: string; }[]; client_product_name?: string | undefined; }[]; is_vat_included: b...'. Two different types with this name exist, but they are unrelated.
        Type 'import("C:/GlowLink/node_modules/react-hook-form/dist/types/resolvers").ResolverResult<{ client_name: string; items: { product_name: string; quantity: number; unit_price: number; post_processings: { type: "利앹갑" | "肄뷀똿" | "?몄뇙" | "議곕┰" | "湲고?"; spec: string; }[]; client_product_name?: string | undefined; }[]; is_vat_inclu...' is not assignable to type 'import("C:/GlowLink/node_modules/react-hook-form/dist/types/resolvers").ResolverResult<{ client_name: string; items: { product_name: string; quantity: number; unit_price: number; post_processings: { type: "利앹갑" | "肄뷀똿" | "?몄뇙" | "議곕┰" | "湲고?"; spec: string; }[]; client_product_name?: string | undefined; }[]; is_vat_inclu...'. Two different types with this name exist, but they are unrelated.
          Type 'ResolverSuccess<TFieldValues>' is not assignable to type 'ResolverResult<{ client_name: string; items: { product_name: string; quantity: number; unit_price: number; post_processings: { type: "利앹갑" | "肄뷀똿" | "?몄뇙" | "議곕┰" | "湲고?"; spec: string; }[]; client_product_name?: string | undefined; }[]; is_vat_included: boolean; due_date?: Date | undefined; memo?: string | undefined; },...'.
            Type 'ResolverSuccess<TFieldValues>' is not assignable to type 'ResolverSuccess<{ client_name: string; items: { product_name: string; quantity: number; unit_price: number; post_processings: { type: "利앹갑" | "肄뷀똿" | "?몄뇙" | "議곕┰" | "湲고?"; spec: string; }[]; client_product_name?: string | undefined; }[]; is_vat_included: boolean; due_date?: Date | undefined; memo?: string | undefined; }>'.
              Type 'TFieldValues' is not assignable to type '{ client_name: string; items: { product_name: string; quantity: number; unit_price: number; post_processings: { type: "利앹갑" | "肄뷀똿" | "?몄뇙" | "議곕┰" | "湲고?"; spec: string; }[]; client_product_name?: string | undefined; }[]; is_vat_included: boolean; due_date?: Date | undefined; memo?: string | undefined; }'.
                Type 'FieldValues' is missing the following properties from type '{ client_name: string; items: { product_name: string; quantity: number; unit_price: number; post_processings: { type: "利앹갑" | "肄뷀똿" | "?몄뇙" | "議곕┰" | "湲고?"; spec: string; }[]; client_product_name?: string | undefined; }[]; is_vat_included: boolean; due_date?: Date | undefined; memo?: string | undefined; }': client_name, items, is_vat_included
src/app/dashboard/sales/order/quotation-form.tsx(281,49): error TS2322: Type 'Control<{ client_name: string; items: { product_name: string; quantity: number; unit_price: number; post_processings: { type: "利앹갑" | "肄뷀똿" | "?몄뇙" | "議곕┰" | "湲고?"; spec: string; }[]; client_product_name?: string | undefined; }[]; is_vat_included: boolean; due_date?: Date | undefined; memo?: string | undefined; }, any, T...' is not assignable to type 'Control<{ client_name: string; items: { product_name: string; quantity: number; unit_price: number; post_processings: { type: "利앹갑" | "肄뷀똿" | "?몄뇙" | "議곕┰" | "湲고?"; spec: string; }[]; client_product_name?: string | undefined; }[]; is_vat_included: boolean; due_date?: Date | undefined; memo?: string | undefined; }, any, {...'.
  The types of '_options.resolver' are incompatible between these types.
    Type 'import("C:/GlowLink/node_modules/react-hook-form/dist/types/resolvers").Resolver<{ client_name: string; items: { product_name: string; quantity: number; unit_price: number; post_processings: { type: "利앹갑" | "肄뷀똿" | "?몄뇙" | "議곕┰" | "湲고?"; spec: string; }[]; client_product_name?: string | undefined; }[]; is_vat_included: b...' is not assignable to type 'import("C:/GlowLink/node_modules/react-hook-form/dist/types/resolvers").Resolver<{ client_name: string; items: { product_name: string; quantity: number; unit_price: number; post_processings: { type: "利앹갑" | "肄뷀똿" | "?몄뇙" | "議곕┰" | "湲고?"; spec: string; }[]; client_product_name?: string | undefined; }[]; is_vat_included: b...'. Two different types with this name exist, but they are unrelated.
      Type 'import("C:/GlowLink/node_modules/react-hook-form/dist/types/resolvers").Resolver<{ client_name: string; items: { product_name: string; quantity: number; unit_price: number; post_processings: { type: "利앹갑" | "肄뷀똿" | "?몄뇙" | "議곕┰" | "湲고?"; spec: string; }[]; client_product_name?: string | undefined; }[]; is_vat_included: b...' is not assignable to type 'import("C:/GlowLink/node_modules/react-hook-form/dist/types/resolvers").Resolver<{ client_name: string; items: { product_name: string; quantity: number; unit_price: number; post_processings: { type: "利앹갑" | "肄뷀똿" | "?몄뇙" | "議곕┰" | "湲고?"; spec: string; }[]; client_product_name?: string | undefined; }[]; is_vat_included: b...'. Two different types with this name exist, but they are unrelated.
        Type 'import("C:/GlowLink/node_modules/react-hook-form/dist/types/resolvers").ResolverResult<{ client_name: string; items: { product_name: string; quantity: number; unit_price: number; post_processings: { type: "利앹갑" | "肄뷀똿" | "?몄뇙" | "議곕┰" | "湲고?"; spec: string; }[]; client_product_name?: string | undefined; }[]; is_vat_inclu...' is not assignable to type 'import("C:/GlowLink/node_modules/react-hook-form/dist/types/resolvers").ResolverResult<{ client_name: string; items: { product_name: string; quantity: number; unit_price: number; post_processings: { type: "利앹갑" | "肄뷀똿" | "?몄뇙" | "議곕┰" | "湲고?"; spec: string; }[]; client_product_name?: string | undefined; }[]; is_vat_inclu...'. Two different types with this name exist, but they are unrelated.
          Type 'ResolverSuccess<TFieldValues>' is not assignable to type 'ResolverResult<{ client_name: string; items: { product_name: string; quantity: number; unit_price: number; post_processings: { type: "利앹갑" | "肄뷀똿" | "?몄뇙" | "議곕┰" | "湲고?"; spec: string; }[]; client_product_name?: string | undefined; }[]; is_vat_included: boolean; due_date?: Date | undefined; memo?: string | undefined; },...'.
            Type 'ResolverSuccess<TFieldValues>' is not assignable to type 'ResolverSuccess<{ client_name: string; items: { product_name: string; quantity: number; unit_price: number; post_processings: { type: "利앹갑" | "肄뷀똿" | "?몄뇙" | "議곕┰" | "湲고?"; spec: string; }[]; client_product_name?: string | undefined; }[]; is_vat_included: boolean; due_date?: Date | undefined; memo?: string | undefined; }>'.
              Type 'TFieldValues' is not assignable to type '{ client_name: string; items: { product_name: string; quantity: number; unit_price: number; post_processings: { type: "利앹갑" | "肄뷀똿" | "?몄뇙" | "議곕┰" | "湲고?"; spec: string; }[]; client_product_name?: string | undefined; }[]; is_vat_included: boolean; due_date?: Date | undefined; memo?: string | undefined; }'.
                Type 'FieldValues' is missing the following properties from type '{ client_name: string; items: { product_name: string; quantity: number; unit_price: number; post_processings: { type: "利앹갑" | "肄뷀똿" | "?몄뇙" | "議곕┰" | "湲고?"; spec: string; }[]; client_product_name?: string | undefined; }[]; is_vat_included: boolean; due_date?: Date | undefined; memo?: string | undefined; }': client_name, items, is_vat_included
src/app/dashboard/sales/order/quotation-form.tsx(342,37): error TS2322: Type 'Control<{ client_name: string; items: { product_name: string; quantity: number; unit_price: number; post_processings: { type: "利앹갑" | "肄뷀똿" | "?몄뇙" | "議곕┰" | "湲고?"; spec: string; }[]; client_product_name?: string | undefined; }[]; is_vat_included: boolean; due_date?: Date | undefined; memo?: string | undefined; }, any, T...' is not assignable to type 'Control<{ client_name: string; items: { product_name: string; quantity: number; unit_price: number; post_processings: { type: "利앹갑" | "肄뷀똿" | "?몄뇙" | "議곕┰" | "湲고?"; spec: string; }[]; client_product_name?: string | undefined; }[]; is_vat_included: boolean; due_date?: Date | undefined; memo?: string | undefined; }, any, {...'.
  The types of '_options.resolver' are incompatible between these types.
    Type 'import("C:/GlowLink/node_modules/react-hook-form/dist/types/resolvers").Resolver<{ client_name: string; items: { product_name: string; quantity: number; unit_price: number; post_processings: { type: "利앹갑" | "肄뷀똿" | "?몄뇙" | "議곕┰" | "湲고?"; spec: string; }[]; client_product_name?: string | undefined; }[]; is_vat_included: b...' is not assignable to type 'import("C:/GlowLink/node_modules/react-hook-form/dist/types/resolvers").Resolver<{ client_name: string; items: { product_name: string; quantity: number; unit_price: number; post_processings: { type: "利앹갑" | "肄뷀똿" | "?몄뇙" | "議곕┰" | "湲고?"; spec: string; }[]; client_product_name?: string | undefined; }[]; is_vat_included: b...'. Two different types with this name exist, but they are unrelated.
      Type 'import("C:/GlowLink/node_modules/react-hook-form/dist/types/resolvers").Resolver<{ client_name: string; items: { product_name: string; quantity: number; unit_price: number; post_processings: { type: "利앹갑" | "肄뷀똿" | "?몄뇙" | "議곕┰" | "湲고?"; spec: string; }[]; client_product_name?: string | undefined; }[]; is_vat_included: b...' is not assignable to type 'import("C:/GlowLink/node_modules/react-hook-form/dist/types/resolvers").Resolver<{ client_name: string; items: { product_name: string; quantity: number; unit_price: number; post_processings: { type: "利앹갑" | "肄뷀똿" | "?몄뇙" | "議곕┰" | "湲고?"; spec: string; }[]; client_product_name?: string | undefined; }[]; is_vat_included: b...'. Two different types with this name exist, but they are unrelated.
        Type 'import("C:/GlowLink/node_modules/react-hook-form/dist/types/resolvers").ResolverResult<{ client_name: string; items: { product_name: string; quantity: number; unit_price: number; post_processings: { type: "利앹갑" | "肄뷀똿" | "?몄뇙" | "議곕┰" | "湲고?"; spec: string; }[]; client_product_name?: string | undefined; }[]; is_vat_inclu...' is not assignable to type 'import("C:/GlowLink/node_modules/react-hook-form/dist/types/resolvers").ResolverResult<{ client_name: string; items: { product_name: string; quantity: number; unit_price: number; post_processings: { type: "利앹갑" | "肄뷀똿" | "?몄뇙" | "議곕┰" | "湲고?"; spec: string; }[]; client_product_name?: string | undefined; }[]; is_vat_inclu...'. Two different types with this name exist, but they are unrelated.
          Type 'ResolverSuccess<TFieldValues>' is not assignable to type 'ResolverResult<{ client_name: string; items: { product_name: string; quantity: number; unit_price: number; post_processings: { type: "利앹갑" | "肄뷀똿" | "?몄뇙" | "議곕┰" | "湲고?"; spec: string; }[]; client_product_name?: string | undefined; }[]; is_vat_included: boolean; due_date?: Date | undefined; memo?: string | undefined; },...'.
            Type 'ResolverSuccess<TFieldValues>' is not assignable to type 'ResolverSuccess<{ client_name: string; items: { product_name: string; quantity: number; unit_price: number; post_processings: { type: "利앹갑" | "肄뷀똿" | "?몄뇙" | "議곕┰" | "湲고?"; spec: string; }[]; client_product_name?: string | undefined; }[]; is_vat_included: boolean; due_date?: Date | undefined; memo?: string | undefined; }>'.
              Type 'TFieldValues' is not assignable to type '{ client_name: string; items: { product_name: string; quantity: number; unit_price: number; post_processings: { type: "利앹갑" | "肄뷀똿" | "?몄뇙" | "議곕┰" | "湲고?"; spec: string; }[]; client_product_name?: string | undefined; }[]; is_vat_included: boolean; due_date?: Date | undefined; memo?: string | undefined; }'.
                Type 'FieldValues' is missing the following properties from type '{ client_name: string; items: { product_name: string; quantity: number; unit_price: number; post_processings: { type: "利앹갑" | "肄뷀똿" | "?몄뇙" | "議곕┰" | "湲고?"; spec: string; }[]; client_product_name?: string | undefined; }[]; is_vat_included: boolean; due_date?: Date | undefined; memo?: string | undefined; }': client_name, items, is_vat_included
